V3 16
FL C:/Users/Mudit-PC/Downloads/audio_process_final/audio_process/audio_loopback.vhd 2016/03/11.16:10:39 P.20131013
EN work/audio_loopback 1457844309 \
      FL C:/Users/Mudit-PC/Downloads/audio_process_final/audio_process/audio_loopback.vhd \
      PB ieee/std_logic_1164 1381692176 PB ieee/NUMERIC_STD 1381692181
AR work/audio_loopback/Behavioral 1457844310 \
      FL C:/Users/Mudit-PC/Downloads/audio_process_final/audio_process/audio_loopback.vhd \
      EN work/audio_loopback 1457844309
FL C:/Users/Mudit-PC/Downloads/audio_process_final/audio_process/audio_process.vhd 2016/03/12.12:44:53 P.20131013
EN work/audio_process 1457844315 \
      FL C:/Users/Mudit-PC/Downloads/audio_process_final/audio_process/audio_process.vhd \
      PB ieee/std_logic_1164 1381692176
AR work/audio_process/Structural 1457844316 \
      FL C:/Users/Mudit-PC/Downloads/audio_process_final/audio_process/audio_process.vhd \
      EN work/audio_process 1457844315 CP audio_loopback CP codecfft CP fft_core \
      CP max_freq
FL C:/Users/Mudit-PC/Downloads/audio_process_final/audio_process/codecfft.vhd 2016/03/11.03:41:10 P.20131013
EN work/codecfft 1457844311 \
      FL C:/Users/Mudit-PC/Downloads/audio_process_final/audio_process/codecfft.vhd \
      PB ieee/std_logic_1164 1381692176
AR work/codecfft/Behavioral 1457844312 \
      FL C:/Users/Mudit-PC/Downloads/audio_process_final/audio_process/codecfft.vhd \
      EN work/codecfft 1457844311
FL C:/Users/Mudit-PC/Downloads/audio_process_final/audio_process/max_freq.vhd 2016/03/12.12:44:20 P.20131013
EN work/max_freq 1457844313 \
      FL C:/Users/Mudit-PC/Downloads/audio_process_final/audio_process/max_freq.vhd \
      PB ieee/std_logic_1164 1381692176 PB ieee/NUMERIC_STD 1381692181
AR work/max_freq/Behavioral 1457844314 \
      FL C:/Users/Mudit-PC/Downloads/audio_process_final/audio_process/max_freq.vhd \
      EN work/max_freq 1457844313
